.loop-engineering/iterations/001/diff.patch:7: trailing whitespace.
+ 
.loop-engineering/iterations/001/diff.patch:31: trailing whitespace.
+- 
.loop-engineering/iterations/001/diff.patch:38: trailing whitespace.
+- 
.loop-engineering/iterations/001/diff.patch:45: trailing whitespace.
+- 
.loop-engineering/iterations/001/diff.patch:53: trailing whitespace.
+- 
.loop-engineering/iterations/001/diff.patch:80: trailing whitespace.
+- 
.loop-engineering/iterations/001/diff.patch:102: trailing whitespace.
+- 
.loop-engineering/iterations/001/diff.patch:106: trailing whitespace.
+- 
.loop-engineering/iterations/001/diff.patch:124: trailing whitespace.
+- 
.loop-engineering/iterations/001/diff.patch:128: trailing whitespace.
+- 
.loop-engineering/iterations/001/diff.patch:146: trailing whitespace.
+- 
.loop-engineering/iterations/001/diff.patch:163: trailing whitespace.
+- 
.loop-engineering/iterations/001/diff.patch:184: trailing whitespace.
+- 
.loop-engineering/iterations/001/diff.patch:199: trailing whitespace.
+- 
.loop-engineering/iterations/001/diff.patch:203: trailing whitespace.
+- 
.loop-engineering/iterations/001/diff.patch:209: trailing whitespace.
+- 
.loop-engineering/iterations/001/diff.patch:215: trailing whitespace.
+- 
.loop-engineering/iterations/001/diff.patch:221: trailing whitespace.
+ 
.loop-engineering/iterations/001/eval.log:31: trailing whitespace.
++ 
.loop-engineering/iterations/001/eval.log:33: trailing whitespace.
++- 
.loop-engineering/iterations/001/eval.log:35: trailing whitespace.
++- 
.loop-engineering/iterations/001/eval.log:37: trailing whitespace.
++- 
.loop-engineering/iterations/001/eval.log:39: trailing whitespace.
++- 
.loop-engineering/iterations/001/eval.log:41: trailing whitespace.
++- 
.loop-engineering/iterations/001/eval.log:43: trailing whitespace.
++- 
.loop-engineering/iterations/001/eval.log:45: trailing whitespace.
++- 
.loop-engineering/iterations/001/eval.log:47: trailing whitespace.
++- 
.loop-engineering/iterations/001/eval.log:49: trailing whitespace.
++- 
.loop-engineering/iterations/001/eval.log:51: trailing whitespace.
++- 
.loop-engineering/iterations/001/eval.log:53: trailing whitespace.
++- 
.loop-engineering/iterations/001/eval.log:55: trailing whitespace.
++- 
.loop-engineering/iterations/001/eval.log:57: trailing whitespace.
++- 
.loop-engineering/iterations/001/eval.log:59: trailing whitespace.
++- 
.loop-engineering/iterations/001/eval.log:61: trailing whitespace.
++- 
.loop-engineering/iterations/001/eval.log:63: trailing whitespace.
++- 
.loop-engineering/iterations/001/eval.log:65: trailing whitespace.
++ 
.loop-engineering/iterations/001/gate-diff_check.log:2: trailing whitespace.
++ 
.loop-engineering/iterations/001/gate-diff_check.log:4: trailing whitespace.
++- 
.loop-engineering/iterations/001/gate-diff_check.log:6: trailing whitespace.
++- 
.loop-engineering/iterations/001/gate-diff_check.log:8: trailing whitespace.
++- 
.loop-engineering/iterations/001/gate-diff_check.log:10: trailing whitespace.
++- 
.loop-engineering/iterations/001/gate-diff_check.log:12: trailing whitespace.
++- 
.loop-engineering/iterations/001/gate-diff_check.log:14: trailing whitespace.
++- 
.loop-engineering/iterations/001/gate-diff_check.log:16: trailing whitespace.
++- 
.loop-engineering/iterations/001/gate-diff_check.log:18: trailing whitespace.
++- 
.loop-engineering/iterations/001/gate-diff_check.log:20: trailing whitespace.
++- 
.loop-engineering/iterations/001/gate-diff_check.log:22: trailing whitespace.
++- 
.loop-engineering/iterations/001/gate-diff_check.log:24: trailing whitespace.
++- 
.loop-engineering/iterations/001/gate-diff_check.log:26: trailing whitespace.
++- 
.loop-engineering/iterations/001/gate-diff_check.log:28: trailing whitespace.
++- 
.loop-engineering/iterations/001/gate-diff_check.log:30: trailing whitespace.
++- 
.loop-engineering/iterations/001/gate-diff_check.log:32: trailing whitespace.
++- 
.loop-engineering/iterations/001/gate-diff_check.log:34: trailing whitespace.
++- 
.loop-engineering/iterations/001/gate-diff_check.log:36: trailing whitespace.
++ 
.loop-engineering/iterations/002/diff.patch:31: trailing whitespace.
+- 
.loop-engineering/iterations/002/diff.patch:38: trailing whitespace.
+- 
.loop-engineering/iterations/002/diff.patch:45: trailing whitespace.
+- 
.loop-engineering/iterations/002/diff.patch:53: trailing whitespace.
+- 
.loop-engineering/iterations/002/diff.patch:80: trailing whitespace.
+- 
.loop-engineering/iterations/002/diff.patch:102: trailing whitespace.
+- 
.loop-engineering/iterations/002/diff.patch:106: trailing whitespace.
+- 
.loop-engineering/iterations/002/diff.patch:124: trailing whitespace.
+- 
.loop-engineering/iterations/002/diff.patch:128: trailing whitespace.
+- 
.loop-engineering/iterations/002/diff.patch:146: trailing whitespace.
+- 
.loop-engineering/iterations/002/diff.patch:163: trailing whitespace.
+- 
.loop-engineering/iterations/002/diff.patch:184: trailing whitespace.
+- 
.loop-engineering/iterations/002/diff.patch:199: trailing whitespace.
+- 
.loop-engineering/iterations/002/diff.patch:203: trailing whitespace.
+- 
.loop-engineering/iterations/002/diff.patch:209: trailing whitespace.
+- 
.loop-engineering/iterations/002/diff.patch:215: trailing whitespace.
+- 
.loop-engineering/iterations/002/diff.patch:222: trailing whitespace.
++ 
.loop-engineering/iterations/002/diff.patch:246: trailing whitespace.
++- 
.loop-engineering/iterations/002/diff.patch:253: trailing whitespace.
++- 
.loop-engineering/iterations/002/diff.patch:260: trailing whitespace.
++- 
.loop-engineering/iterations/002/diff.patch:268: trailing whitespace.
++- 
.loop-engineering/iterations/002/diff.patch:295: trailing whitespace.
++- 
.loop-engineering/iterations/002/diff.patch:317: trailing whitespace.
++- 
.loop-engineering/iterations/002/diff.patch:321: trailing whitespace.
++- 
.loop-engineering/iterations/002/diff.patch:339: trailing whitespace.
++- 
.loop-engineering/iterations/002/diff.patch:343: trailing whitespace.
++- 
.loop-engineering/iterations/002/diff.patch:361: trailing whitespace.
++- 
.loop-engineering/iterations/002/diff.patch:378: trailing whitespace.
++- 
.loop-engineering/iterations/002/diff.patch:399: trailing whitespace.
++- 
.loop-engineering/iterations/002/diff.patch:414: trailing whitespace.
++- 
.loop-engineering/iterations/002/diff.patch:418: trailing whitespace.
++- 
.loop-engineering/iterations/002/diff.patch:424: trailing whitespace.
++- 
.loop-engineering/iterations/002/diff.patch:430: trailing whitespace.
++- 
.loop-engineering/iterations/002/diff.patch:436: trailing whitespace.
++ 
.loop-engineering/iterations/002/diff.patch:482: trailing whitespace.
+++ 
.loop-engineering/iterations/002/diff.patch:484: trailing whitespace.
+++- 
.loop-engineering/iterations/002/diff.patch:486: trailing whitespace.
+++- 
.loop-engineering/iterations/002/diff.patch:488: trailing whitespace.
+++- 
.loop-engineering/iterations/002/diff.patch:490: trailing whitespace.
+++- 
.loop-engineering/iterations/002/diff.patch:492: trailing whitespace.
+++- 
.loop-engineering/iterations/002/diff.patch:494: trailing whitespace.
+++- 
.loop-engineering/iterations/002/diff.patch:496: trailing whitespace.
+++- 
.loop-engineering/iterations/002/diff.patch:498: trailing whitespace.
+++- 
.loop-engineering/iterations/002/diff.patch:500: trailing whitespace.
+++- 
.loop-engineering/iterations/002/diff.patch:502: trailing whitespace.
+++- 
.loop-engineering/iterations/002/diff.patch:504: trailing whitespace.
+++- 
.loop-engineering/iterations/002/diff.patch:506: trailing whitespace.
+++- 
.loop-engineering/iterations/002/diff.patch:508: trailing whitespace.
+++- 
.loop-engineering/iterations/002/diff.patch:510: trailing whitespace.
+++- 
.loop-engineering/iterations/002/diff.patch:512: trailing whitespace.
+++- 
.loop-engineering/iterations/002/diff.patch:514: trailing whitespace.
+++- 
.loop-engineering/iterations/002/diff.patch:516: trailing whitespace.
+++ 
.loop-engineering/iterations/002/diff.patch:523: trailing whitespace.
+++ 
.loop-engineering/iterations/002/diff.patch:525: trailing whitespace.
+++- 
.loop-engineering/iterations/002/diff.patch:527: trailing whitespace.
+++- 
.loop-engineering/iterations/002/diff.patch:529: trailing whitespace.
+++- 
.loop-engineering/iterations/002/diff.patch:531: trailing whitespace.
+++- 
.loop-engineering/iterations/002/diff.patch:533: trailing whitespace.
+++- 
.loop-engineering/iterations/002/diff.patch:535: trailing whitespace.
+++- 
.loop-engineering/iterations/002/diff.patch:537: trailing whitespace.
+++- 
.loop-engineering/iterations/002/diff.patch:539: trailing whitespace.
+++- 
.loop-engineering/iterations/002/diff.patch:541: trailing whitespace.
+++- 
.loop-engineering/iterations/002/diff.patch:543: trailing whitespace.
+++- 
.loop-engineering/iterations/002/diff.patch:545: trailing whitespace.
+++- 
.loop-engineering/iterations/002/diff.patch:547: trailing whitespace.
+++- 
.loop-engineering/iterations/002/diff.patch:549: trailing whitespace.
+++- 
.loop-engineering/iterations/002/diff.patch:551: trailing whitespace.
+++- 
.loop-engineering/iterations/002/diff.patch:553: trailing whitespace.
+++- 
.loop-engineering/iterations/002/diff.patch:555: trailing whitespace.
+++- 
.loop-engineering/iterations/002/diff.patch:557: trailing whitespace.
+++ 
.loop-engineering/iterations/002/diff.patch:618: trailing whitespace.
+- 
.loop-engineering/iterations/002/diff.patch:625: trailing whitespace.
+- 
.loop-engineering/iterations/002/diff.patch:632: trailing whitespace.
+- 
.loop-engineering/iterations/002/diff.patch:640: trailing whitespace.
+- 
.loop-engineering/iterations/002/diff.patch:667: trailing whitespace.
+- 
.loop-engineering/iterations/002/diff.patch:689: trailing whitespace.
+- 
.loop-engineering/iterations/002/diff.patch:693: trailing whitespace.
+- 
.loop-engineering/iterations/002/diff.patch:711: trailing whitespace.
+- 
.loop-engineering/iterations/002/diff.patch:715: trailing whitespace.
+- 
.loop-engineering/iterations/002/diff.patch:733: trailing whitespace.
+- 
.loop-engineering/iterations/002/diff.patch:750: trailing whitespace.
+- 
.loop-engineering/iterations/002/diff.patch:771: trailing whitespace.
+- 
.loop-engineering/iterations/002/diff.patch:786: trailing whitespace.
+- 
.loop-engineering/iterations/002/diff.patch:790: trailing whitespace.
+- 
.loop-engineering/iterations/002/diff.patch:796: trailing whitespace.
+- 
.loop-engineering/iterations/002/diff.patch:802: trailing whitespace.
+- 
